// Jest Snapshot v1, https://goo.gl/fbAQLP

exports[`CharacterContainer component testing displays a list of characters 1`] = `
<ul
  aria-label="characters"
>
  <li>
    <p>
      <span>
        Adanel
      </span>
    </p>
  </li>
  <li>
    <p>
      <span>
        Adrahil I
      </span>
    </p>
  </li>
  <li>
    <p>
      <span>
        Adrahil II
      </span>
    </p>
  </li>
  <li>
    <p>
      <span>
        Aegnor
      </span>
    </p>
  </li>
  <li>
    <p>
      <span>
        Aerin
      </span>
    </p>
  </li>
  <li>
    <p>
      <span>
        Ailinel
      </span>
    </p>
  </li>
  <li>
    <p>
      <span>
        Aglahad
      </span>
    </p>
  </li>
  <li>
    <p>
      <span>
        Algund
      </span>
    </p>
  </li>
  <li>
    <p>
      <span>
        Almiel
      </span>
    </p>
  </li>
  <li>
    <p>
      <span>
        Alphros
      </span>
    </p>
  </li>
  <li>
    <p>
      <span>
        Almarian
      </span>
    </p>
  </li>
  <li>
    <p>
      <span>
        Amandil
      </span>
    </p>
  </li>
  <li>
    <p>
      <span>
        Amarië
      </span>
    </p>
  </li>
  <li>
    <p>
      <span>
        Aldor
      </span>
    </p>
  </li>
  <li>
    <p>
      <span>
        Aldamir
      </span>
    </p>
  </li>
  <li>
    <p>
      <span>
        Amlaith
      </span>
    </p>
  </li>
  <li>
    <p>
      <span>
        Amroth
      </span>
    </p>
  </li>
  <li>
    <p>
      <span>
        Amrothos
      </span>
    </p>
  </li>
  <li>
    <p>
      <span>
        Anairë
      </span>
    </p>
  </li>
  <li>
    <p>
      <span>
        Anardil
      </span>
    </p>
  </li>
  <li>
    <p>
      <span>
        Anborn
      </span>
    </p>
  </li>
  <li>
    <p>
      <span>
        Andreth
      </span>
    </p>
  </li>
  <li>
    <p>
      <span>
        Andróg
      </span>
    </p>
  </li>
  <li>
    <p>
      <span>
        Amras
      </span>
    </p>
  </li>
  <li>
    <p>
      <span>
        Angamaitë
      </span>
    </p>
  </li>
  <li>
    <p>
      <span>
        Amdír
      </span>
    </p>
  </li>
  <li>
    <p>
      <span>
        Amrod
      </span>
    </p>
  </li>
  <li>
    <p>
      <span>
        Annael
      </span>
    </p>
  </li>
  <li>
    <p>
      <span>
        Angbor
      </span>
    </p>
  </li>
  <li>
    <p>
      <span>
        Angelimir
      </span>
    </p>
  </li>
  <li>
    <p>
      <span>
        Angrod
      </span>
    </p>
  </li>
  <li>
    <p>
      <span>
        Anárion
      </span>
    </p>
  </li>
  <li>
    <p>
      <span>
        Ar-Adûnakhôr
      </span>
    </p>
  </li>
  <li>
    <p>
      <span>
        Ar-Gimilzôr
      </span>
    </p>
  </li>
  <li>
    <p>
      <span>
        Ar-Zimrathôn
      </span>
    </p>
  </li>
  <li>
    <p>
      <span>
        Ar-Pharazôn
      </span>
    </p>
  </li>
  <li>
    <p>
      <span>
        Ar-Sakalthôr
      </span>
    </p>
  </li>
  <li>
    <p>
      <span>
        Arador
      </span>
    </p>
  </li>
  <li>
    <p>
      <span>
        Araglas
      </span>
    </p>
  </li>
  <li>
    <p>
      <span>
        Aragorn I
      </span>
    </p>
  </li>
  <li>
    <p>
      <span>
        Aragorn II Elessar
      </span>
    </p>
  </li>
  <li>
    <p>
      <span>
        Aragost
      </span>
    </p>
  </li>
  <li>
    <p>
      <span>
        Arahad I
      </span>
    </p>
  </li>
  <li>
    <p>
      <span>
        Arahad II
      </span>
    </p>
  </li>
  <li>
    <p>
      <span>
        Arahael
      </span>
    </p>
  </li>
  <li>
    <p>
      <span>
        Aranarth
      </span>
    </p>
  </li>
  <li>
    <p>
      <span>
        Arantar
      </span>
    </p>
  </li>
  <li>
    <p>
      <span>
        Aranuir
      </span>
    </p>
  </li>
  <li>
    <p>
      <span>
        Aranwë
      </span>
    </p>
  </li>
  <li>
    <p>
      <span>
        Araphant
      </span>
    </p>
  </li>
  <li>
    <p>
      <span>
        Arathorn I
      </span>
    </p>
  </li>
  <li>
    <p>
      <span>
        Arathorn II
      </span>
    </p>
  </li>
  <li>
    <p>
      <span>
        Araval
      </span>
    </p>
  </li>
  <li>
    <p>
      <span>
        Aravir
      </span>
    </p>
  </li>
  <li>
    <p>
      <span>
        Aravorn
      </span>
    </p>
  </li>
  <li>
    <p>
      <span>
        Arciryas
      </span>
    </p>
  </li>
  <li>
    <p>
      <span>
        Arassuil
      </span>
    </p>
  </li>
  <li>
    <p>
      <span>
        Araphor
      </span>
    </p>
  </li>
  <li>
    <p>
      <span>
        Aratan
      </span>
    </p>
  </li>
  <li>
    <p>
      <span>
        Ardamir (son of Axantur)
      </span>
    </p>
  </li>
  <li>
    <p>
      <span>
        Aredhel
      </span>
    </p>
  </li>
  <li>
    <p>
      <span>
        Argeleb I
      </span>
    </p>
  </li>
  <li>
    <p>
      <span>
        Arminas
      </span>
    </p>
  </li>
  <li>
    <p>
      <span>
        Arthad
      </span>
    </p>
  </li>
  <li>
    <p>
      <span>
        Arvedui
      </span>
    </p>
  </li>
  <li>
    <p>
      <span>
        Arvegil
      </span>
    </p>
  </li>
  <li>
    <p>
      <span>
        Arveleg I
      </span>
    </p>
  </li>
  <li>
    <p>
      <span>
        Arveleg II
      </span>
    </p>
  </li>
  <li>
    <p>
      <span>
        Argon
      </span>
    </p>
  </li>
  <li>
    <p>
      <span>
        Argonui
      </span>
    </p>
  </li>
  <li>
    <p>
      <span>
        Argeleb II
      </span>
    </p>
  </li>
  <li>
    <p>
      <span>
        Atanatar II
      </span>
    </p>
  </li>
  <li>
    <p>
      <span>
        Atanalcar
      </span>
    </p>
  </li>
  <li>
    <p>
      <span>
        Arwen
      </span>
    </p>
  </li>
  <li>
    <p>
      <span>
        Azaghâl
      </span>
    </p>
  </li>
  <li>
    <p>
      <span>
        Aulendil (Vardamir's son)
      </span>
    </p>
  </li>
  <li>
    <p>
      <span>
        Angelica Baggins
      </span>
    </p>
  </li>
  <li>
    <p>
      <span>
        Axantur
      </span>
    </p>
  </li>
  <li>
    <p>
      <span>
        Balbo Baggins
      </span>
    </p>
  </li>
  <li>
    <p>
      <span>
        Atanatar I
      </span>
    </p>
  </li>
  <li>
    <p>
      <span>
        Belladonna (Took) Baggins
      </span>
    </p>
  </li>
  <li>
    <p>
      <span>
        Berylla (Boffin) Baggins
      </span>
    </p>
  </li>
  <li>
    <p>
      <span>
        Bungo Baggins
      </span>
    </p>
  </li>
  <li>
    <p>
      <span>
        Dudo Baggins
      </span>
    </p>
  </li>
  <li>
    <p>
      <span>
        Laura (Grubb) Baggins
      </span>
    </p>
  </li>
  <li>
    <p>
      <span>
        Fosco Baggins
      </span>
    </p>
  </li>
  <li>
    <p>
      <span>
        Drogo Baggins
      </span>
    </p>
  </li>
  <li>
    <p>
      <span>
        Frodo Baggins
      </span>
    </p>
  </li>
  <li>
    <p>
      <span>
        Longo Baggins
      </span>
    </p>
  </li>
  <li>
    <p>
      <span>
        Mungo Baggins
      </span>
    </p>
  </li>
  <li>
    <p>
      <span>
        Peony (Baggins) Burrows
      </span>
    </p>
  </li>
  <li>
    <p>
      <span>
        Ponto Baggins
      </span>
    </p>
  </li>
  <li>
    <p>
      <span>
        Ponto Baggins II
      </span>
    </p>
  </li>
  <li>
    <p>
      <span>
        Balin
      </span>
    </p>
  </li>
  <li>
    <p>
      <span>
        Baragund
      </span>
    </p>
  </li>
  <li>
    <p>
      <span>
        Porto Baggins
      </span>
    </p>
  </li>
  <li>
    <p>
      <span>
        Baran
      </span>
    </p>
  </li>
  <li>
    <p>
      <span>
        Bain
      </span>
    </p>
  </li>
  <li>
    <p>
      <span>
        Baranor (Gondor)
      </span>
    </p>
  </li>
  <li>
    <p>
      <span>
        Bard
      </span>
    </p>
  </li>
  <li>
    <p>
      <span>
        Bard II
      </span>
    </p>
  </li>
  <li>
    <p>
      <span>
        Beldir
      </span>
    </p>
  </li>
  <li>
    <p>
      <span>
        Beldis
      </span>
    </p>
  </li>
  <li>
    <p>
      <span>
        Barahir
      </span>
    </p>
  </li>
  <li>
    <p>
      <span>
        Belecthor I
      </span>
    </p>
  </li>
  <li>
    <p>
      <span>
        Beleg of Arnor
      </span>
    </p>
  </li>
  <li>
    <p>
      <span>
        Belegorn
      </span>
    </p>
  </li>
  <li>
    <p>
      <span>
        Belegund
      </span>
    </p>
  </li>
  <li>
    <p>
      <span>
        Belemir
      </span>
    </p>
  </li>
  <li>
    <p>
      <span>
        Belen
      </span>
    </p>
  </li>
  <li>
    <p>
      <span>
        Beorn
      </span>
    </p>
  </li>
  <li>
    <p>
      <span>
        Bereg
      </span>
    </p>
  </li>
  <li>
    <p>
      <span>
        Beregond
      </span>
    </p>
  </li>
  <li>
    <p>
      <span>
        Beregond (Captain)
      </span>
    </p>
  </li>
  <li>
    <p>
      <span>
        Berelach
      </span>
    </p>
  </li>
  <li>
    <p>
      <span>
        Beren
      </span>
    </p>
  </li>
  <li>
    <p>
      <span>
        Baranor
      </span>
    </p>
  </li>
  <li>
    <p>
      <span>
        Beren (Steward)
      </span>
    </p>
  </li>
  <li>
    <p>
      <span>
        Beren (Belemir's son)
      </span>
    </p>
  </li>
  <li>
    <p>
      <span>
        Bergil
      </span>
    </p>
  </li>
  <li>
    <p>
      <span>
        Barahir (Steward)
      </span>
    </p>
  </li>
  <li>
    <p>
      <span>
        Bifur
      </span>
    </p>
  </li>
  <li>
    <p>
      <span>
        Bilbo Baggins
      </span>
    </p>
  </li>
  <li>
    <p>
      <span>
        Bladorthin
      </span>
    </p>
  </li>
  <li>
    <p>
      <span>
        Black Serpent
      </span>
    </p>
  </li>
  <li>
    <p>
      <span>
        Blanco
      </span>
    </p>
  </li>
  <li>
    <p>
      <span>
        Belecthor II
      </span>
    </p>
  </li>
  <li>
    <p>
      <span>
        Bob
      </span>
    </p>
  </li>
  <li>
    <p>
      <span>
        Donnamira (Took) Boffin
      </span>
    </p>
  </li>
  <li>
    <p>
      <span>
        Daisy (Baggins) Boffin
      </span>
    </p>
  </li>
  <li>
    <p>
      <span>
        Bosco Boffin
      </span>
    </p>
  </li>
  <li>
    <p>
      <span>
        Folco Boffin
      </span>
    </p>
  </li>
  <li>
    <p>
      <span>
        Gerda (Boffin) Bolger
      </span>
    </p>
  </li>
  <li>
    <p>
      <span>
        Griffo Boffin
      </span>
    </p>
  </li>
  <li>
    <p>
      <span>
        Hugo Boffin
      </span>
    </p>
  </li>
  <li>
    <p>
      <span>
        Ivy (Goodenough) Boffin
      </span>
    </p>
  </li>
  <li>
    <p>
      <span>
        Basso Boffin
      </span>
    </p>
  </li>
  <li>
    <p>
      <span>
        Otto Boffin
      </span>
    </p>
  </li>
  <li>
    <p>
      <span>
        Rollo Boffin
      </span>
    </p>
  </li>
  <li>
    <p>
      <span>
        Tosto Boffin
      </span>
    </p>
  </li>
  <li>
    <p>
      <span>
        Vigo Boffin
      </span>
    </p>
  </li>
  <li>
    <p>
      <span>
        Druda Burrows Boffin
      </span>
    </p>
  </li>
  <li>
    <p>
      <span>
        Filibert Bolger
      </span>
    </p>
  </li>
  <li>
    <p>
      <span>
        Fredegar Bolger
      </span>
    </p>
  </li>
  <li>
    <p>
      <span>
        Jessamine (Boffin) Bolger
      </span>
    </p>
  </li>
  <li>
    <p>
      <span>
        Bofur
      </span>
    </p>
  </li>
  <li>
    <p>
      <span>
        Odovacar Bolger
      </span>
    </p>
  </li>
  <li>
    <p>
      <span>
        Rosamunda (Took) Bolger
      </span>
    </p>
  </li>
  <li>
    <p>
      <span>
        Jago Boffin
      </span>
    </p>
  </li>
  <li>
    <p>
      <span>
        Buffo Boffin
      </span>
    </p>
  </li>
  <li>
    <p>
      <span>
        Bombur
      </span>
    </p>
  </li>
  <li>
    <p>
      <span>
        Borlad
      </span>
    </p>
  </li>
  <li>
    <p>
      <span>
        Borlas
      </span>
    </p>
  </li>
  <li>
    <p>
      <span>
        Boromir
      </span>
    </p>
  </li>
  <li>
    <p>
      <span>
        Boromir (House of Bëor)
      </span>
    </p>
  </li>
  <li>
    <p>
      <span>
        Boromir (Steward)
      </span>
    </p>
  </li>
  <li>
    <p>
      <span>
        Wilibald Bolger
      </span>
    </p>
  </li>
  <li>
    <p>
      <span>
        Borondir
      </span>
    </p>
  </li>
  <li>
    <p>
      <span>
        Borthand
      </span>
    </p>
  </li>
  <li>
    <p>
      <span>
        Blanco Bracegirdle
      </span>
    </p>
  </li>
  <li>
    <p>
      <span>
        Bruno Bracegirdle
      </span>
    </p>
  </li>
  <li>
    <p>
      <span>
        Primrose Bracegirdle
      </span>
    </p>
  </li>
  <li>
    <p>
      <span>
        Brand
      </span>
    </p>
  </li>
  <li>
    <p>
      <span>
        Brandir
      </span>
    </p>
  </li>
  <li>
    <p>
      <span>
        Adaldrida (Bolger) Brandybuck
      </span>
    </p>
  </li>
  <li>
    <p>
      <span>
        Amaranth Brandybuck
      </span>
    </p>
  </li>
  <li>
    <p>
      <span>
        Borlach
      </span>
    </p>
  </li>
  <li>
    <p>
      <span>
        Esmeralda Brandybuck
      </span>
    </p>
  </li>
  <li>
    <p>
      <span>
        Estella (Bolger) Brandybuck
      </span>
    </p>
  </li>
  <li>
    <p>
      <span>
        Hilda Brandybuck
      </span>
    </p>
  </li>
  <li>
    <p>
      <span>
        Madoc Brandybuck
      </span>
    </p>
  </li>
  <li>
    <p>
      <span>
        Melilot Brandybuck
      </span>
    </p>
  </li>
  <li>
    <p>
      <span>
        Mentha Brandybuck
      </span>
    </p>
  </li>
  <li>
    <p>
      <span>
        Borin
      </span>
    </p>
  </li>
  <li>
    <p>
      <span>
        Mirabella (Took) Brandybuck
      </span>
    </p>
  </li>
  <li>
    <p>
      <span>
        Primula (Brandybuck) Baggins
      </span>
    </p>
  </li>
  <li>
    <p>
      <span>
        Seredic Brandybuck
      </span>
    </p>
  </li>
  <li>
    <p>
      <span>
        Brego
      </span>
    </p>
  </li>
  <li>
    <p>
      <span>
        Bregolas
      </span>
    </p>
  </li>
  <li>
    <p>
      <span>
        Bregor
      </span>
    </p>
  </li>
  <li>
    <p>
      <span>
        Sapphira (Brockhouse) Boffin
      </span>
    </p>
  </li>
  <li>
    <p>
      <span>
        Bucca of the Marish
      </span>
    </p>
  </li>
  <li>
    <p>
      <span>
        Asphodel (Brandybuck) Burrows
      </span>
    </p>
  </li>
  <li>
    <p>
      <span>
        Milo Burrows
      </span>
    </p>
  </li>
  <li>
    <p>
      <span>
        Celandine Brandybuck
      </span>
    </p>
  </li>
  <li>
    <p>
      <span>
        Bëor
      </span>
    </p>
  </li>
  <li>
    <p>
      <span>
        Bór
      </span>
    </p>
  </li>
  <li>
    <p>
      <span>
        Calimehtar
      </span>
    </p>
  </li>
  <li>
    <p>
      <span>
        Minto Burrows
      </span>
    </p>
  </li>
  <li>
    <p>
      <span>
        Boron
      </span>
    </p>
  </li>
  <li>
    <p>
      <span>
        Meriadoc Brandybuck
      </span>
    </p>
  </li>
  <li>
    <p>
      <span>
        Calmacil
      </span>
    </p>
  </li>
  <li>
    <p>
      <span>
        Celeborn
      </span>
    </p>
  </li>
  <li>
    <p>
      <span>
        Celebrimbor
      </span>
    </p>
  </li>
  <li>
    <p>
      <span>
        Celebrindor
      </span>
    </p>
  </li>
  <li>
    <p>
      <span>
        Celebrían
      </span>
    </p>
  </li>
  <li>
    <p>
      <span>
        Celegorm
      </span>
    </p>
  </li>
  <li>
    <p>
      <span>
        Celepharn
      </span>
    </p>
  </li>
  <li>
    <p>
      <span>
        Cemendur
      </span>
    </p>
  </li>
  <li>
    <p>
      <span>
        Cemendur (son of Axantur)
      </span>
    </p>
  </li>
  <li>
    <p>
      <span>
        Ceorl
      </span>
    </p>
  </li>
  <li>
    <p>
      <span>
        Caliondo
      </span>
    </p>
  </li>
  <li>
    <p>
      <span>
        Cirion
      </span>
    </p>
  </li>
  <li>
    <p>
      <span>
        Ciryandil
      </span>
    </p>
  </li>
  <li>
    <p>
      <span>
        Ciryatur
      </span>
    </p>
  </li>
  <li>
    <p>
      <span>
        Ciryon
      </span>
    </p>
  </li>
  <li>
    <p>
      <span>
        Bowman Cotton
      </span>
    </p>
  </li>
  <li>
    <p>
      <span>
        Lily Cotton
      </span>
    </p>
  </li>
  <li>
    <p>
      <span>
        Marigold (Gamgee) Cotton
      </span>
    </p>
  </li>
  <li>
    <p>
      <span>
        Rosie Cotton
      </span>
    </p>
  </li>
  <li>
    <p>
      <span>
        Tolman Cotton
      </span>
    </p>
  </li>
  <li>
    <p>
      <span>
        Castamir the Usurper
      </span>
    </p>
  </li>
  <li>
    <p>
      <span>
        Curufin
      </span>
    </p>
  </li>
  <li>
    <p>
      <span>
        Círdan
      </span>
    </p>
  </li>
  <li>
    <p>
      <span>
        Dairuin
      </span>
    </p>
  </li>
  <li>
    <p>
      <span>
        Damrod
      </span>
    </p>
  </li>
  <li>
    <p>
      <span>
        User:Deathshriek
      </span>
    </p>
  </li>
  <li>
    <p>
      <span>
        Denethor (First Age)
      </span>
    </p>
  </li>
  <li>
    <p>
      <span>
        Falco Chubb-Baggins
      </span>
    </p>
  </li>
  <li>
    <p>
      <span>
        Caranthir
      </span>
    </p>
  </li>
  <li>
    <p>
      <span>
        Denethor II
      </span>
    </p>
  </li>
  <li>
    <p>
      <span>
        Diamond Took
      </span>
    </p>
  </li>
  <li>
    <p>
      <span>
        Dinodas Brandybuck
      </span>
    </p>
  </li>
  <li>
    <p>
      <span>
        Dior (Steward)
      </span>
    </p>
  </li>
  <li>
    <p>
      <span>
        Dodinas Brandybuck
      </span>
    </p>
  </li>
  <li>
    <p>
      <span>
        Dori
      </span>
    </p>
  </li>
  <li>
    <p>
      <span>
        Dorlas
      </span>
    </p>
  </li>
  <li>
    <p>
      <span>
        Denethor I
      </span>
    </p>
  </li>
  <li>
    <p>
      <span>
        Duinhir
      </span>
    </p>
  </li>
  <li>
    <p>
      <span>
        Durin VII
      </span>
    </p>
  </li>
  <li>
    <p>
      <span>
        Dwalin
      </span>
    </p>
  </li>
  <li>
    <p>
      <span>
        Dáin I
      </span>
    </p>
  </li>
  <li>
    <p>
      <span>
        Dervorin
      </span>
    </p>
  </li>
  <li>
    <p>
      <span>
        Déagol
      </span>
    </p>
  </li>
  <li>
    <p>
      <span>
        Déor
      </span>
    </p>
  </li>
  <li>
    <p>
      <span>
        Derufin
      </span>
    </p>
  </li>
  <li>
    <p>
      <span>
        Duilin
      </span>
    </p>
  </li>
  <li>
    <p>
      <span>
        Dáin II Ironfoot
      </span>
    </p>
  </li>
  <li>
    <p>
      <span>
        Déorwine
      </span>
    </p>
  </li>
  <li>
    <p>
      <span>
        Dírhael
      </span>
    </p>
  </li>
  <li>
    <p>
      <span>
        Dírhavel
      </span>
    </p>
  </li>
  <li>
    <p>
      <span>
        Dís
      </span>
    </p>
  </li>
  <li>
    <p>
      <span>
        Dúnhere
      </span>
    </p>
  </li>
  <li>
    <p>
      <span>
        Ecthelion II
      </span>
    </p>
  </li>
  <li>
    <p>
      <span>
        Ecthelion I
      </span>
    </p>
  </li>
  <li>
    <p>
      <span>
        Edrahil
      </span>
    </p>
  </li>
  <li>
    <p>
      <span>
        Egalmoth
      </span>
    </p>
  </li>
  <li>
    <p>
      <span>
        Eglantine (Banks) Took
      </span>
    </p>
  </li>
  <li>
    <p>
      <span>
        Eilinel
      </span>
    </p>
  </li>
  <li>
    <p>
      <span>
        Elatan
      </span>
    </p>
  </li>
  <li>
    <p>
      <span>
        Eldacar (King of Arnor)
      </span>
    </p>
  </li>
  <li>
    <p>
      <span>
        Eldarion
      </span>
    </p>
  </li>
  <li>
    <p>
      <span>
        Eldacar (King of Gondor)
      </span>
    </p>
  </li>
  <li>
    <p>
      <span>
        Elemmírë (elf)
      </span>
    </p>
  </li>
  <li>
    <p>
      <span>
        Elendil
      </span>
    </p>
  </li>
  <li>
    <p>
      <span>
        Elendur
      </span>
    </p>
  </li>
  <li>
    <p>
      <span>
        Elendur of Arnor
      </span>
    </p>
  </li>
  <li>
    <p>
      <span>
        Elboron
      </span>
    </p>
  </li>
  <li>
    <p>
      <span>
        Eldalótë
      </span>
    </p>
  </li>
  <li>
    <p>
      <span>
        Elenwë
      </span>
    </p>
  </li>
  <li>
    <p>
      <span>
        Elfhelm
      </span>
    </p>
  </li>
  <li>
    <p>
      <span>
        Elfhild
      </span>
    </p>
  </li>
  <li>
    <p>
      <span>
        Elfwine
      </span>
    </p>
  </li>
  <li>
    <p>
      <span>
        Elladan and Elrohir
      </span>
    </p>
  </li>
  <li>
    <p>
      <span>
        Emeldir
      </span>
    </p>
  </li>
  <li>
    <p>
      <span>
        Elphir
      </span>
    </p>
  </li>
  <li>
    <p>
      <span>
        Elrond
      </span>
    </p>
  </li>
  <li>
    <p>
      <span>
        Enel
      </span>
    </p>
  </li>
  <li>
    <p>
      <span>
        Enelyë
      </span>
    </p>
  </li>
  <li>
    <p>
      <span>
        Enerdhil
      </span>
    </p>
  </li>
  <li>
    <p>
      <span>
        Erchirion
      </span>
    </p>
  </li>
  <li>
    <p>
      <span>
        Erellont
      </span>
    </p>
  </li>
  <li>
    <p>
      <span>
        Erendis
      </span>
    </p>
  </li>
  <li>
    <p>
      <span>
        Erestor
      </span>
    </p>
  </li>
  <li>
    <p>
      <span>
        Eorl the Young
      </span>
    </p>
  </li>
  <li>
    <p>
      <span>
        Erkenbrand
      </span>
    </p>
  </li>
  <li>
    <p>
      <span>
        Estelmo
      </span>
    </p>
  </li>
  <li>
    <p>
      <span>
        Eradan
      </span>
    </p>
  </li>
  <li>
    <p>
      <span>
        Eärendur of Númenor
      </span>
    </p>
  </li>
  <li>
    <p>
      <span>
        Eärnil I
      </span>
    </p>
  </li>
  <li>
    <p>
      <span>
        Eärnil II
      </span>
    </p>
  </li>
  <li>
    <p>
      <span>
        Eärnur
      </span>
    </p>
  </li>
  <li>
    <p>
      <span>
        Eärwen
      </span>
    </p>
  </li>
  <li>
    <p>
      <span>
        Eärendur (Lord of Andúnië)
      </span>
    </p>
  </li>
  <li>
    <p>
      <span>
        Eöl
      </span>
    </p>
  </li>
  <li>
    <p>
      <span>
        Eärendil of Gondor
      </span>
    </p>
  </li>
  <li>
    <p>
      <span>
        Eärendur of Arnor
      </span>
    </p>
  </li>
  <li>
    <p>
      <span>
        Faramir (son of Ondoher)
      </span>
    </p>
  </li>
  <li>
    <p>
      <span>
        Fastred
      </span>
    </p>
  </li>
  <li>
    <p>
      <span>
        Fastred (Pelennor Fields)
      </span>
    </p>
  </li>
  <li>
    <p>
      <span>
        Fengel
      </span>
    </p>
  </li>
  <li>
    <p>
      <span>
        Ferumbras Took II
      </span>
    </p>
  </li>
  <li>
    <p>
      <span>
        Finarfin
      </span>
    </p>
  </li>
  <li>
    <p>
      <span>
        Findegil
      </span>
    </p>
  </li>
  <li>
    <p>
      <span>
        Findis
      </span>
    </p>
  </li>
  <li>
    <p>
      <span>
        Finduilas
      </span>
    </p>
  </li>
  <li>
    <p>
      <span>
        Finduilas of Dol Amroth
      </span>
    </p>
  </li>
  <li>
    <p>
      <span>
        Fingolfin
      </span>
    </p>
  </li>
  <li>
    <p>
      <span>
        Farin
      </span>
    </p>
  </li>
  <li>
    <p>
      <span>
        Fingon
      </span>
    </p>
  </li>
  <li>
    <p>
      <span>
        Finrod
      </span>
    </p>
  </li>
  <li>
    <p>
      <span>
        Finwë
      </span>
    </p>
  </li>
  <li>
    <p>
      <span>
        Flói
      </span>
    </p>
  </li>
  <li>
    <p>
      <span>
        Faramir
      </span>
    </p>
  </li>
  <li>
    <p>
      <span>
        Folca
      </span>
    </p>
  </li>
  <li>
    <p>
      <span>
        Fastolph Bolger
      </span>
    </p>
  </li>
  <li>
    <p>
      <span>
        Folcred
      </span>
    </p>
  </li>
  <li>
    <p>
      <span>
        Forlong
      </span>
    </p>
  </li>
  <li>
    <p>
      <span>
        Folcwine
      </span>
    </p>
  </li>
  <li>
    <p>
      <span>
        Fortinbras Took I
      </span>
    </p>
  </li>
  <li>
    <p>
      <span>
        Forthwini
      </span>
    </p>
  </li>
  <li>
    <p>
      <span>
        Forweg
      </span>
    </p>
  </li>
  <li>
    <p>
      <span>
        Freca
      </span>
    </p>
  </li>
  <li>
    <p>
      <span>
        Fram
      </span>
    </p>
  </li>
  <li>
    <p>
      <span>
        Frerin
      </span>
    </p>
  </li>
  <li>
    <p>
      <span>
        Frumgar
      </span>
    </p>
  </li>
  <li>
    <p>
      <span>
        Fréawine
      </span>
    </p>
  </li>
  <li>
    <p>
      <span>
        Frór
      </span>
    </p>
  </li>
  <li>
    <p>
      <span>
        Frár
      </span>
    </p>
  </li>
  <li>
    <p>
      <span>
        Fundin
      </span>
    </p>
  </li>
  <li>
    <p>
      <span>
        Fréa
      </span>
    </p>
  </li>
  <li>
    <p>
      <span>
        Fréaláf Hildeson
      </span>
    </p>
  </li>
  <li>
    <p>
      <span>
        Fëanor
      </span>
    </p>
  </li>
  <li>
    <p>
      <span>
        Fíriel
      </span>
    </p>
  </li>
  <li>
    <p>
      <span>
        Fíli and Kíli
      </span>
    </p>
  </li>
  <li>
    <p>
      <span>
        Galar
      </span>
    </p>
  </li>
  <li>
    <p>
      <span>
        Galadriel
      </span>
    </p>
  </li>
  <li>
    <p>
      <span>
        Galdor
      </span>
    </p>
  </li>
  <li>
    <p>
      <span>
        Galion
      </span>
    </p>
  </li>
  <li>
    <p>
      <span>
        Daisy Gamgee I
      </span>
    </p>
  </li>
  <li>
    <p>
      <span>
        Frodo Gardner
      </span>
    </p>
  </li>
  <li>
    <p>
      <span>
        Hamson Gamgee
      </span>
    </p>
  </li>
  <li>
    <p>
      <span>
        May Gamgee
      </span>
    </p>
  </li>
  <li>
    <p>
      <span>
        Samwise Gamgee
      </span>
    </p>
  </li>
  <li>
    <p>
      <span>
        Gamling
      </span>
    </p>
  </li>
  <li>
    <p>
      <span>
        Elanor Gardner
      </span>
    </p>
  </li>
  <li>
    <p>
      <span>
        Gelmir
      </span>
    </p>
  </li>
  <li>
    <p>
      <span>
        Hamfast Gamgee
      </span>
    </p>
  </li>
  <li>
    <p>
      <span>
        Halfred Gamgee
      </span>
    </p>
  </li>
  <li>
    <p>
      <span>
        Galdor of the Havens
      </span>
    </p>
  </li>
  <li>
    <p>
      <span>
        Gil-galad
      </span>
    </p>
  </li>
  <li>
    <p>
      <span>
        Gildis
      </span>
    </p>
  </li>
  <li>
    <p>
      <span>
        Gildor (Edain)
      </span>
    </p>
  </li>
  <li>
    <p>
      <span>
        Gildor Inglorion
      </span>
    </p>
  </li>
  <li>
    <p>
      <span>
        Gilfanon
      </span>
    </p>
  </li>
  <li>
    <p>
      <span>
        Ghân-buri-Ghân
      </span>
    </p>
  </li>
  <li>
    <p>
      <span>
        Gethron
      </span>
    </p>
  </li>
  <li>
    <p>
      <span>
        Gilraen
      </span>
    </p>
  </li>
  <li>
    <p>
      <span>
        Gelmir (of Angrod's kin)
      </span>
    </p>
  </li>
  <li>
    <p>
      <span>
        Girion
      </span>
    </p>
  </li>
  <li>
    <p>
      <span>
        Gimilzagar
      </span>
    </p>
  </li>
  <li>
    <p>
      <span>
        Glorfindel
      </span>
    </p>
  </li>
  <li>
    <p>
      <span>
        Glirhuin
      </span>
    </p>
  </li>
  <li>
    <p>
      <span>
        Gléowine
      </span>
    </p>
  </li>
  <li>
    <p>
      <span>
        Gimilkhâd
      </span>
    </p>
  </li>
  <li>
    <p>
      <span>
        Gimli
      </span>
    </p>
  </li>
  <li>
    <p>
      <span>
        Golasgil
      </span>
    </p>
  </li>
  <li>
    <p>
      <span>
        Goldwine
      </span>
    </p>
  </li>
  <li>
    <p>
      <span>
        Hanna (Goldworthy) Brandybuck
      </span>
    </p>
  </li>
  <li>
    <p>
      <span>
        Gorbulas Brandybuck
      </span>
    </p>
  </li>
  <li>
    <p>
      <span>
        Gorhendad (Oldbuck) Brandybuck
      </span>
    </p>
  </li>
  <li>
    <p>
      <span>
        Gorlim
      </span>
    </p>
  </li>
  <li>
    <p>
      <span>
        Glóin (King of Durin's Folk)
      </span>
    </p>
  </li>
  <li>
    <p>
      <span>
        Glóin
      </span>
    </p>
  </li>
  <li>
    <p>
      <span>
        Glóredhel
      </span>
    </p>
  </li>
  <li>
    <p>
      <span>
        Gormadoc Deepdelver Brandybuck
      </span>
    </p>
  </li>
  <li>
    <p>
      <span>
        Gram
      </span>
    </p>
  </li>
  <li>
    <p>
      <span>
        Holman Greenhand
      </span>
    </p>
  </li>
  <li>
    <p>
      <span>
        Rose Greenhand
      </span>
    </p>
  </li>
  <li>
    <p>
      <span>
        Grimbeorn
      </span>
    </p>
  </li>
  <li>
    <p>
      <span>
        Grimbold
      </span>
    </p>
  </li>
  <li>
    <p>
      <span>
        Grithnir
      </span>
    </p>
  </li>
  <li>
    <p>
      <span>
        Gróin
      </span>
    </p>
  </li>
  <li>
    <p>
      <span>
        Halfred Greenhand
      </span>
    </p>
  </li>
  <li>
    <p>
      <span>
        Erling Greenhand
      </span>
    </p>
  </li>
  <li>
    <p>
      <span>
        Guilin
      </span>
    </p>
  </li>
  <li>
    <p>
      <span>
        Hending Greenhand
      </span>
    </p>
  </li>
  <li>
    <p>
      <span>
        Grór
      </span>
    </p>
  </li>
  <li>
    <p>
      <span>
        Gundor
      </span>
    </p>
  </li>
  <li>
    <p>
      <span>
        Guthláf
      </span>
    </p>
  </li>
  <li>
    <p>
      <span>
        Hador
      </span>
    </p>
  </li>
  <li>
    <p>
      <span>
        Hador (Steward)
      </span>
    </p>
  </li>
  <li>
    <p>
      <span>
        Halbarad
      </span>
    </p>
  </li>
  <li>
    <p>
      <span>
        Haldir (Haladin)
      </span>
    </p>
  </li>
  <li>
    <p>
      <span>
        Gálmód
      </span>
    </p>
  </li>
  <li>
    <p>
      <span>
        Gwindor
      </span>
    </p>
  </li>
  <li>
    <p>
      <span>
        Haldir (Lorien)
      </span>
    </p>
  </li>
  <li>
    <p>
      <span>
        Haleth
      </span>
    </p>
  </li>
  <li>
    <p>
      <span>
        Gárulf
      </span>
    </p>
  </li>
  <li>
    <p>
      <span>
        Haleth (Helm's son)
      </span>
    </p>
  </li>
  <li>
    <p>
      <span>
        Hallacar
      </span>
    </p>
  </li>
  <li>
    <p>
      <span>
        Hallas (Steward)
      </span>
    </p>
  </li>
  <li>
    <p>
      <span>
        Halmir
      </span>
    </p>
  </li>
  <li>
    <p>
      <span>
        Hallatan
      </span>
    </p>
  </li>
  <li>
    <p>
      <span>
        Hamfast of Gamwich
      </span>
    </p>
  </li>
  <li>
    <p>
      <span>
        Hareth
      </span>
    </p>
  </li>
  <li>
    <p>
      <span>
        Harding
      </span>
    </p>
  </li>
  <li>
    <p>
      <span>
        Hardang
      </span>
    </p>
  </li>
  <li>
    <p>
      <span>
        Hathaldir
      </span>
    </p>
  </li>
  <li>
    <p>
      <span>
        Hatholdir
      </span>
    </p>
  </li>
  <li>
    <p>
      <span>
        Helm Hammerhand
      </span>
    </p>
  </li>
  <li>
    <p>
      <span>
        Hathol
      </span>
    </p>
  </li>
  <li>
    <p>
      <span>
        Handir
      </span>
    </p>
  </li>
  <li>
    <p>
      <span>
        Henderch
      </span>
    </p>
  </li>
  <li>
    <p>
      <span>
        Herefara
      </span>
    </p>
  </li>
  <li>
    <p>
      <span>
        Hendor
      </span>
    </p>
  </li>
  <li>
    <p>
      <span>
        Herion
      </span>
    </p>
  </li>
  <li>
    <p>
      <span>
        Herubrand
      </span>
    </p>
  </li>
  <li>
    <p>
      <span>
        Herucalmo
      </span>
    </p>
  </li>
  <li>
    <p>
      <span>
        Hirgon
      </span>
    </p>
  </li>
  <li>
    <p>
      <span>
        Hirluin
      </span>
    </p>
  </li>
  <li>
    <p>
      <span>
        Hob Gammidge
      </span>
    </p>
  </li>
  <li>
    <p>
      <span>
        Hob Hayward
      </span>
    </p>
  </li>
  <li>
    <p>
      <span>
        Tobias Hornblower
      </span>
    </p>
  </li>
  <li>
    <p>
      <span>
        Holfast Gardner
      </span>
    </p>
  </li>
  <li>
    <p>
      <span>
        Horn
      </span>
    </p>
  </li>
  <li>
    <p>
      <span>
        Hundad
      </span>
    </p>
  </li>
  <li>
    <p>
      <span>
        Hundar
      </span>
    </p>
  </li>
  <li>
    <p>
      <span>
        Hunthor
      </span>
    </p>
  </li>
  <li>
    <p>
      <span>
        Huor
      </span>
    </p>
  </li>
  <li>
    <p>
      <span>
        Hyarmendacil I
      </span>
    </p>
  </li>
  <li>
    <p>
      <span>
        Hyarmendacil II
      </span>
    </p>
  </li>
  <li>
    <p>
      <span>
        Háma
      </span>
    </p>
  </li>
  <li>
    <p>
      <span>
        Húrin II
      </span>
    </p>
  </li>
  <li>
    <p>
      <span>
        Háma (Helm's son)
      </span>
    </p>
  </li>
  <li>
    <p>
      <span>
        Húrin of Emyn Arnen
      </span>
    </p>
  </li>
  <li>
    <p>
      <span>
        Húrin
      </span>
    </p>
  </li>
  <li>
    <p>
      <span>
        Imin
      </span>
    </p>
  </li>
  <li>
    <p>
      <span>
        Iminyë
      </span>
    </p>
  </li>
  <li>
    <p>
      <span>
        Imlach
      </span>
    </p>
  </li>
  <li>
    <p>
      <span>
        Imrahil
      </span>
    </p>
  </li>
  <li>
    <p>
      <span>
        Imrazôr
      </span>
    </p>
  </li>
  <li>
    <p>
      <span>
        Idril
      </span>
    </p>
  </li>
  <li>
    <p>
      <span>
        Ibûn
      </span>
    </p>
  </li>
  <li>
    <p>
      <span>
        Indis
      </span>
    </p>
  </li>
  <li>
    <p>
      <span>
        Húrin I
      </span>
    </p>
  </li>
  <li>
    <p>
      <span>
        Ingwë
      </span>
    </p>
  </li>
  <li>
    <p>
      <span>
        Inzilbêth
      </span>
    </p>
  </li>
  <li>
    <p>
      <span>
        Ioreth
      </span>
    </p>
  </li>
  <li>
    <p>
      <span>
        Iorlas
      </span>
    </p>
  </li>
  <li>
    <p>
      <span>
        Isembold Took
      </span>
    </p>
  </li>
  <li>
    <p>
      <span>
        Ingold
      </span>
    </p>
  </li>
  <li>
    <p>
      <span>
        Isengrim Took III
      </span>
    </p>
  </li>
  <li>
    <p>
      <span>
        Indor
      </span>
    </p>
  </li>
  <li>
    <p>
      <span>
        Ingwion
      </span>
    </p>
  </li>
  <li>
    <p>
      <span>
        Isilmo
      </span>
    </p>
  </li>
  <li>
    <p>
      <span>
        Ivriniel
      </span>
    </p>
  </li>
  <li>
    <p>
      <span>
        Lalaith
      </span>
    </p>
  </li>
  <li>
    <p>
      <span>
        Larnach
      </span>
    </p>
  </li>
  <li>
    <p>
      <span>
        Legolas
      </span>
    </p>
  </li>
  <li>
    <p>
      <span>
        Isildur
      </span>
    </p>
  </li>
  <li>
    <p>
      <span>
        Lindir
      </span>
    </p>
  </li>
  <li>
    <p>
      <span>
        Lindissë
      </span>
    </p>
  </li>
  <li>
    <p>
      <span>
        Isilmë
      </span>
    </p>
  </li>
  <li>
    <p>
      <span>
        Lindo
      </span>
    </p>
  </li>
  <li>
    <p>
      <span>
        Ivorwen
      </span>
    </p>
  </li>
  <li>
    <p>
      <span>
        Lindórië
      </span>
    </p>
  </li>
  <li>
    <p>
      <span>
        Lenwë
      </span>
    </p>
  </li>
  <li>
    <p>
      <span>
        Lorgan
      </span>
    </p>
  </li>
  <li>
    <p>
      <span>
        Lothíriel
      </span>
    </p>
  </li>
  <li>
    <p>
      <span>
        Léod
      </span>
    </p>
  </li>
  <li>
    <p>
      <span>
        Brytta Léofa
      </span>
    </p>
  </li>
  <li>
    <p>
      <span>
        Lóni
      </span>
    </p>
  </li>
  <li>
    <p>
      <span>
        Lúthien
      </span>
    </p>
  </li>
  <li>
    <p>
      <span>
        Farmer Maggot
      </span>
    </p>
  </li>
  <li>
    <p>
      <span>
        Mablung the Ranger
      </span>
    </p>
  </li>
  <li>
    <p>
      <span>
        Maglor
      </span>
    </p>
  </li>
  <li>
    <p>
      <span>
        Maedhros
      </span>
    </p>
  </li>
  <li>
    <p>
      <span>
        Mahtan
      </span>
    </p>
  </li>
  <li>
    <p>
      <span>
        Magor
      </span>
    </p>
  </li>
  <li>
    <p>
      <span>
        Mairen
      </span>
    </p>
  </li>
  <li>
    <p>
      <span>
        Malach
      </span>
    </p>
  </li>
  <li>
    <p>
      <span>
        Maeglin
      </span>
    </p>
  </li>
  <li>
    <p>
      <span>
        Malvegil
      </span>
    </p>
  </li>
  <li>
    <p>
      <span>
        Manthor
      </span>
    </p>
  </li>
  <li>
    <p>
      <span>
        Manwendil
      </span>
    </p>
  </li>
  <li>
    <p>
      <span>
        Malva Headstrong Brandybuck
      </span>
    </p>
  </li>
  <li>
    <p>
      <span>
        Mallor
      </span>
    </p>
  </li>
  <li>
    <p>
      <span>
        Marach
      </span>
    </p>
  </li>
  <li>
    <p>
      <span>
        Marcho
      </span>
    </p>
  </li>
  <li>
    <p>
      <span>
        Mardil Voronwë
      </span>
    </p>
  </li>
  <li>
    <p>
      <span>
        Malbeth the Seer
      </span>
    </p>
  </li>
  <li>
    <p>
      <span>
        Marhwini
      </span>
    </p>
  </li>
  <li>
    <p>
      <span>
        Marmadas Brandybuck
      </span>
    </p>
  </li>
  <li>
    <p>
      <span>
        Master of Laketown
      </span>
    </p>
  </li>
  <li>
    <p>
      <span>
        Meneldil
      </span>
    </p>
  </li>
  <li>
    <p>
      <span>
        Meleth
      </span>
    </p>
  </li>
  <li>
    <p>
      <span>
        Meril-i-Turinqi
      </span>
    </p>
  </li>
  <li>
    <p>
      <span>
        Merimas Brandybuck
      </span>
    </p>
  </li>
  <li>
    <p>
      <span>
        Minohtar
      </span>
    </p>
  </li>
  <li>
    <p>
      <span>
        Marroc Brandybuck
      </span>
    </p>
  </li>
  <li>
    <p>
      <span>
        Marhari
      </span>
    </p>
  </li>
  <li>
    <p>
      <span>
        Minardil
      </span>
    </p>
  </li>
  <li>
    <p>
      <span>
        Mithrellas
      </span>
    </p>
  </li>
  <li>
    <p>
      <span>
        Morwen
      </span>
    </p>
  </li>
  <li>
    <p>
      <span>
        Morwen (Gondor)
      </span>
    </p>
  </li>
  <li>
    <p>
      <span>
        Morwë
      </span>
    </p>
  </li>
  <li>
    <p>
      <span>
        Míriel
      </span>
    </p>
  </li>
  <li>
    <p>
      <span>
        Mîm
      </span>
    </p>
  </li>
  <li>
    <p>
      <span>
        Narmacil I
      </span>
    </p>
  </li>
  <li>
    <p>
      <span>
        Nessanië
      </span>
    </p>
  </li>
  <li>
    <p>
      <span>
        Nimrodel
      </span>
    </p>
  </li>
  <li>
    <p>
      <span>
        Nerdanel
      </span>
    </p>
  </li>
  <li>
    <p>
      <span>
        Naugladur
      </span>
    </p>
  </li>
  <li>
    <p>
      <span>
        Nina Lightfoot
      </span>
    </p>
  </li>
  <li>
    <p>
      <span>
        Nolondil
      </span>
    </p>
  </li>
  <li>
    <p>
      <span>
        Niënor
      </span>
    </p>
  </li>
  <li>
    <p>
      <span>
        Nob
      </span>
    </p>
  </li>
  <li>
    <p>
      <span>
        Narmacil II
      </span>
    </p>
  </li>
  <li>
    <p>
      <span>
        Náin I
      </span>
    </p>
  </li>
  <li>
    <p>
      <span>
        Náin II
      </span>
    </p>
  </li>
  <li>
    <p>
      <span>
        Náli
      </span>
    </p>
  </li>
  <li>
    <p>
      <span>
        Nár
      </span>
    </p>
  </li>
  <li>
    <p>
      <span>
        Númendil
      </span>
    </p>
  </li>
  <li>
    <p>
      <span>
        Núneth
      </span>
    </p>
  </li>
  <li>
    <p>
      <span>
        Nurwë
      </span>
    </p>
  </li>
  <li>
    <p>
      <span>
        Nori
      </span>
    </p>
  </li>
  <li>
    <p>
      <span>
        Náin (father of Dáin II Ironfoot)
      </span>
    </p>
  </li>
  <li>
    <p>
      <span>
        Old Noakes
      </span>
    </p>
  </li>
  <li>
    <p>
      <span>
        Olwë
      </span>
    </p>
  </li>
  <li>
    <p>
      <span>
        Orchaldor
      </span>
    </p>
  </li>
  <li>
    <p>
      <span>
        Ondoher
      </span>
    </p>
  </li>
  <li>
    <p>
      <span>
        Ori
      </span>
    </p>
  </li>
  <li>
    <p>
      <span>
        Orodreth
      </span>
    </p>
  </li>
  <li>
    <p>
      <span>
        Orodreth (Steward)
      </span>
    </p>
  </li>
  <li>
    <p>
      <span>
        Oromendil
      </span>
    </p>
  </li>
  <li>
    <p>
      <span>
        Ohtar
      </span>
    </p>
  </li>
  <li>
    <p>
      <span>
        Ostoher
      </span>
    </p>
  </li>
  <li>
    <p>
      <span>
        Orophin
      </span>
    </p>
  </li>
  <li>
    <p>
      <span>
        Pelendur
      </span>
    </p>
  </li>
  <li>
    <p>
      <span>
        Mrs. Proudfoot
      </span>
    </p>
  </li>
  <li>
    <p>
      <span>
        Pengolodh
      </span>
    </p>
  </li>
  <li>
    <p>
      <span>
        Otho Sackville-Baggins
      </span>
    </p>
  </li>
  <li>
    <p>
      <span>
        Odo Proudfoot
      </span>
    </p>
  </li>
  <li>
    <p>
      <span>
        Radhruin
      </span>
    </p>
  </li>
  <li>
    <p>
      <span>
        Oropher
      </span>
    </p>
  </li>
  <li>
    <p>
      <span>
        Ragnir
      </span>
    </p>
  </li>
  <li>
    <p>
      <span>
        Ragnor
      </span>
    </p>
  </li>
  <li>
    <p>
      <span>
        Rían
      </span>
    </p>
  </li>
  <li>
    <p>
      <span>
        Rían (Gondor)
      </span>
    </p>
  </li>
  <li>
    <p>
      <span>
        Rowan Greenhand
      </span>
    </p>
  </li>
  <li>
    <p>
      <span>
        Rudigar Bolger
      </span>
    </p>
  </li>
  <li>
    <p>
      <span>
        Rufus Burrows
      </span>
    </p>
  </li>
  <li>
    <p>
      <span>
        Rómendacil I
      </span>
    </p>
  </li>
  <li>
    <p>
      <span>
        Lobelia Sackville-Baggins
      </span>
    </p>
  </li>
  <li>
    <p>
      <span>
        Rúmil (Noldo)
      </span>
    </p>
  </li>
  <li>
    <p>
      <span>
        Lotho Sackville-Baggins
      </span>
    </p>
  </li>
  <li>
    <p>
      <span>
        Sadoc Brandybuck
      </span>
    </p>
  </li>
  <li>
    <p>
      <span>
        Sador
      </span>
    </p>
  </li>
  <li>
    <p>
      <span>
        Saelon
      </span>
    </p>
  </li>
  <li>
    <p>
      <span>
        Rúmil of Lórien
      </span>
    </p>
  </li>
  <li>
    <p>
      <span>
        Sagroth
      </span>
    </p>
  </li>
  <li>
    <p>
      <span>
        Rómendacil II
      </span>
    </p>
  </li>
  <li>
    <p>
      <span>
        Silmariën
      </span>
    </p>
  </li>
  <li>
    <p>
      <span>
        Sangahyando
      </span>
    </p>
  </li>
  <li>
    <p>
      <span>
        Siriondil
      </span>
    </p>
  </li>
  <li>
    <p>
      <span>
        Saradas Brandybuck
      </span>
    </p>
  </li>
  <li>
    <p>
      <span>
        Robin Smallburrow
      </span>
    </p>
  </li>
  <li>
    <p>
      <span>
        Soronto
      </span>
    </p>
  </li>
  <li>
    <p>
      <span>
        Morwen Steelsheen
      </span>
    </p>
  </li>
  <li>
    <p>
      <span>
        Tar-Alcarin
      </span>
    </p>
  </li>
  <li>
    <p>
      <span>
        Ted Sandyman
      </span>
    </p>
  </li>
  <li>
    <p>
      <span>
        Tar-Aldarion
      </span>
    </p>
  </li>
  <li>
    <p>
      <span>
        Tar-Amandil
      </span>
    </p>
  </li>
  <li>
    <p>
      <span>
        Tar-Ancalimon
      </span>
    </p>
  </li>
  <li>
    <p>
      <span>
        Tar-Anárion
      </span>
    </p>
  </li>
  <li>
    <p>
      <span>
        Tar-Ardamin
      </span>
    </p>
  </li>
  <li>
    <p>
      <span>
        Tar-Atanamir
      </span>
    </p>
  </li>
  <li>
    <p>
      <span>
        Tar-Calmacil
      </span>
    </p>
  </li>
  <li>
    <p>
      <span>
        Tar-Ciryatan
      </span>
    </p>
  </li>
  <li>
    <p>
      <span>
        Tar-Elendil
      </span>
    </p>
  </li>
  <li>
    <p>
      <span>
        Tar-Ancalimë
      </span>
    </p>
  </li>
  <li>
    <p>
      <span>
        Tar-Palantir
      </span>
    </p>
  </li>
  <li>
    <p>
      <span>
        Tar-Súrion
      </span>
    </p>
  </li>
  <li>
    <p>
      <span>
        Tar-Minastir
      </span>
    </p>
  </li>
  <li>
    <p>
      <span>
        Tar-Míriel
      </span>
    </p>
  </li>
  <li>
    <p>
      <span>
        Tar-Telperiën
      </span>
    </p>
  </li>
  <li>
    <p>
      <span>
        Tar-Vanimeldë
      </span>
    </p>
  </li>
  <li>
    <p>
      <span>
        Tarannon Falastur
      </span>
    </p>
  </li>
  <li>
    <p>
      <span>
        Tar-Telemmaitë
      </span>
    </p>
  </li>
  <li>
    <p>
      <span>
        Tarcil
      </span>
    </p>
  </li>
  <li>
    <p>
      <span>
        Tar-Meneldur
      </span>
    </p>
  </li>
  <li>
    <p>
      <span>
        Targon
      </span>
    </p>
  </li>
  <li>
    <p>
      <span>
        Tata
      </span>
    </p>
  </li>
  <li>
    <p>
      <span>
        Tatië
      </span>
    </p>
  </li>
  <li>
    <p>
      <span>
        Tarciryan
      </span>
    </p>
  </li>
  <li>
    <p>
      <span>
        Telchar
      </span>
    </p>
  </li>
  <li>
    <p>
      <span>
        Telemnar
      </span>
    </p>
  </li>
  <li>
    <p>
      <span>
        Telumehtar
      </span>
    </p>
  </li>
  <li>
    <p>
      <span>
        The King of the Dead
      </span>
    </p>
  </li>
  <li>
    <p>
      <span>
        Tarondor
      </span>
    </p>
  </li>
  <li>
    <p>
      <span>
        Tarondor of Arnor
      </span>
    </p>
  </li>
  <li>
    <p>
      <span>
        User:Technobliterator/Showcase
      </span>
    </p>
  </li>
  <li>
    <p>
      <span>
        Thengel
      </span>
    </p>
  </li>
  <li>
    <p>
      <span>
        Thorondir
      </span>
    </p>
  </li>
  <li>
    <p>
      <span>
        Thranduil
      </span>
    </p>
  </li>
  <li>
    <p>
      <span>
        Thráin I
      </span>
    </p>
  </li>
  <li>
    <p>
      <span>
        Thorin II Oakenshield
      </span>
    </p>
  </li>
  <li>
    <p>
      <span>
        Thráin II
      </span>
    </p>
  </li>
  <li>
    <p>
      <span>
        Thorin III Stonehelm
      </span>
    </p>
  </li>
  <li>
    <p>
      <span>
        Thrór
      </span>
    </p>
  </li>
  <li>
    <p>
      <span>
        Théoden
      </span>
    </p>
  </li>
  <li>
    <p>
      <span>
        Théodred
      </span>
    </p>
  </li>
  <li>
    <p>
      <span>
        Tindómiel
      </span>
    </p>
  </li>
  <li>
    <p>
      <span>
        Thorin I
      </span>
    </p>
  </li>
  <li>
    <p>
      <span>
        Faramir Took I
      </span>
    </p>
  </li>
  <li>
    <p>
      <span>
        Isumbras Took I
      </span>
    </p>
  </li>
  <li>
    <p>
      <span>
        Fortinbras Took II
      </span>
    </p>
  </li>
  <li>
    <p>
      <span>
        Isumbras Took III
      </span>
    </p>
  </li>
  <li>
    <p>
      <span>
        Adalgrim Took
      </span>
    </p>
  </li>
  <li>
    <p>
      <span>
        Adamanta (Chubb) Took
      </span>
    </p>
  </li>
  <li>
    <p>
      <span>
        Isengrim Took II
      </span>
    </p>
  </li>
  <li>
    <p>
      <span>
        Adelard Took
      </span>
    </p>
  </li>
  <li>
    <p>
      <span>
        Ferumbras III Took
      </span>
    </p>
  </li>
  <li>
    <p>
      <span>
        Bandobras Took
      </span>
    </p>
  </li>
  <li>
    <p>
      <span>
        Hildifons Took
      </span>
    </p>
  </li>
  <li>
    <p>
      <span>
        Isembard Took
      </span>
    </p>
  </li>
  <li>
    <p>
      <span>
        Hildigrim Took
      </span>
    </p>
  </li>
  <li>
    <p>
      <span>
        Gerontius Took
      </span>
    </p>
  </li>
  <li>
    <p>
      <span>
        Hildibrand Took
      </span>
    </p>
  </li>
  <li>
    <p>
      <span>
        Paladin Took II
      </span>
    </p>
  </li>
  <li>
    <p>
      <span>
        Pearl Took
      </span>
    </p>
  </li>
  <li>
    <p>
      <span>
        Peregrin Took
      </span>
    </p>
  </li>
  <li>
    <p>
      <span>
        Rosa (Baggins) Took
      </span>
    </p>
  </li>
  <li>
    <p>
      <span>
        Sigismond Took
      </span>
    </p>
  </li>
  <li>
    <p>
      <span>
        Turgon
      </span>
    </p>
  </li>
  <li>
    <p>
      <span>
        Turgon (Steward)
      </span>
    </p>
  </li>
  <li>
    <p>
      <span>
        Túrin
      </span>
    </p>
  </li>
  <li>
    <p>
      <span>
        Tulkastor
      </span>
    </p>
  </li>
  <li>
    <p>
      <span>
        Tuor
      </span>
    </p>
  </li>
  <li>
    <p>
      <span>
        Turambar
      </span>
    </p>
  </li>
  <li>
    <p>
      <span>
        Uldor
      </span>
    </p>
  </li>
  <li>
    <p>
      <span>
        Túrin II
      </span>
    </p>
  </li>
  <li>
    <p>
      <span>
        Ulfang
      </span>
    </p>
  </li>
  <li>
    <p>
      <span>
        Ulfast
      </span>
    </p>
  </li>
  <li>
    <p>
      <span>
        Ulbar
      </span>
    </p>
  </li>
  <li>
    <p>
      <span>
        Túrin I
      </span>
    </p>
  </li>
  <li>
    <p>
      <span>
        Urthel
      </span>
    </p>
  </li>
  <li>
    <p>
      <span>
        Ulwarth
      </span>
    </p>
  </li>
  <li>
    <p>
      <span>
        Vairë (Elf)
      </span>
    </p>
  </li>
  <li>
    <p>
      <span>
        Valacar
      </span>
    </p>
  </li>
  <li>
    <p>
      <span>
        Valandil
      </span>
    </p>
  </li>
  <li>
    <p>
      <span>
        Valandur
      </span>
    </p>
  </li>
  <li>
    <p>
      <span>
        Valandil of Andúnië
      </span>
    </p>
  </li>
  <li>
    <p>
      <span>
        Vidugavia
      </span>
    </p>
  </li>
  <li>
    <p>
      <span>
        Vardamir Nólimon
      </span>
    </p>
  </li>
  <li>
    <p>
      <span>
        Vardilmë
      </span>
    </p>
  </li>
  <li>
    <p>
      <span>
        Vidumavi
      </span>
    </p>
  </li>
  <li>
    <p>
      <span>
        Vorondil
      </span>
    </p>
  </li>
  <li>
    <p>
      <span>
        Voronwë
      </span>
    </p>
  </li>
  <li>
    <p>
      <span>
        Vëantur
      </span>
    </p>
  </li>
  <li>
    <p>
      <span>
        Walda
      </span>
    </p>
  </li>
  <li>
    <p>
      <span>
        Willie Banks
      </span>
    </p>
  </li>
  <li>
    <p>
      <span>
        Wiseman Gamwich
      </span>
    </p>
  </li>
  <li>
    <p>
      <span>
        Wulf I
      </span>
    </p>
  </li>
  <li>
    <p>
      <span>
        Wídfara
      </span>
    </p>
  </li>
  <li>
    <p>
      <span>
        Írimë
      </span>
    </p>
  </li>
  <li>
    <p>
      <span>
        Óin
      </span>
    </p>
  </li>
  <li>
    <p>
      <span>
        Yávien
      </span>
    </p>
  </li>
  <li>
    <p>
      <span>
        Dora Baggins
      </span>
    </p>
  </li>
  <li>
    <p>
      <span>
        Largo Baggins
      </span>
    </p>
  </li>
  <li>
    <p>
      <span>
        Mimosa (Bunce) Baggins
      </span>
    </p>
  </li>
  <li>
    <p>
      <span>
        Pansy Baggins
      </span>
    </p>
  </li>
  <li>
    <p>
      <span>
        Polo Baggins
      </span>
    </p>
  </li>
  <li>
    <p>
      <span>
        Ponto Baggins I
      </span>
    </p>
  </li>
  <li>
    <p>
      <span>
        Bingo Baggins
      </span>
    </p>
  </li>
  <li>
    <p>
      <span>
        Chica (Chubb) Baggins
      </span>
    </p>
  </li>
  <li>
    <p>
      <span>
        Óin (King of Durin's Folk)
      </span>
    </p>
  </li>
  <li>
    <p>
      <span>
        Prisca (Baggins) Bolger
      </span>
    </p>
  </li>
  <li>
    <p>
      <span>
        Rudibert Bolger
      </span>
    </p>
  </li>
  <li>
    <p>
      <span>
        Theobald Bolger
      </span>
    </p>
  </li>
  <li>
    <p>
      <span>
        Adalgar Bolger
      </span>
    </p>
  </li>
  <li>
    <p>
      <span>
        Ruby (Bolger) Baggins
      </span>
    </p>
  </li>
  <li>
    <p>
      <span>
        Wilimar Bolger
      </span>
    </p>
  </li>
  <li>
    <p>
      <span>
        Camellia (Sackville) Baggins
      </span>
    </p>
  </li>
  <li>
    <p>
      <span>
        Everard Took
      </span>
    </p>
  </li>
  <li>
    <p>
      <span>
        Gundahar Bolger
      </span>
    </p>
  </li>
  <li>
    <p>
      <span>
        Ferdinand Took
      </span>
    </p>
  </li>
  <li>
    <p>
      <span>
        Pervinca Took
      </span>
    </p>
  </li>
  <li>
    <p>
      <span>
        Pimpernel Took
      </span>
    </p>
  </li>
  <li>
    <p>
      <span>
        Ferdibrand Took
      </span>
    </p>
  </li>
  <li>
    <p>
      <span>
        Reginard Took
      </span>
    </p>
  </li>
  <li>
    <p>
      <span>
        Flambard Took
      </span>
    </p>
  </li>
  <li>
    <p>
      <span>
        Lalia (Clayhanger) Took
      </span>
    </p>
  </li>
  <li>
    <p>
      <span>
        Ruby Gamgee
      </span>
    </p>
  </li>
  <li>
    <p>
      <span>
        Rudolph Bolger
      </span>
    </p>
  </li>
  <li>
    <p>
      <span>
        Tanta (Hornblower) Baggins
      </span>
    </p>
  </li>
  <li>
    <p>
      <span>
        Inigo Baggins
      </span>
    </p>
  </li>
  <li>
    <p>
      <span>
        Tanta Hornblower
      </span>
    </p>
  </li>
  <li>
    <p>
      <span>
        Tobold Hornblower
      </span>
    </p>
  </li>
  <li>
    <p>
      <span>
        Lily (Baggins) Goodbody
      </span>
    </p>
  </li>
  <li>
    <p>
      <span>
        Togo Goodbody
      </span>
    </p>
  </li>
  <li>
    <p>
      <span>
        Goldberry
      </span>
    </p>
  </li>
  <li>
    <p>
      <span>
        Bell (Goodchild) Gamgee
      </span>
    </p>
  </li>
  <li>
    <p>
      <span>
        Goldilocks (Gardner) Took
      </span>
    </p>
  </li>
  <li>
    <p>
      <span>
        Merry Gamgee
      </span>
    </p>
  </li>
  <li>
    <p>
      <span>
        Bilbo Gamgee
      </span>
    </p>
  </li>
  <li>
    <p>
      <span>
        Halfast Gamgee
      </span>
    </p>
  </li>
  <li>
    <p>
      <span>
        Rose Gamgee
      </span>
    </p>
  </li>
  <li>
    <p>
      <span>
        Pippin Gamgee
      </span>
    </p>
  </li>
  <li>
    <p>
      <span>
        Durin
      </span>
    </p>
  </li>
  <li>
    <p>
      <span>
        Poppy (Chubb-Baggins) Bolger
      </span>
    </p>
  </li>
  <li>
    <p>
      <span>
        Robin Gardner
      </span>
    </p>
  </li>
  <li>
    <p>
      <span>
        Primrose Gardner
      </span>
    </p>
  </li>
  <li>
    <p>
      <span>
        Hamfast Gardner
      </span>
    </p>
  </li>
  <li>
    <p>
      <span>
        Tolman Cotton Jr.
      </span>
    </p>
  </li>
  <li>
    <p>
      <span>
        Carl Cotton
      </span>
    </p>
  </li>
  <li>
    <p>
      <span>
        Wilcome Cotton
      </span>
    </p>
  </li>
  <li>
    <p>
      <span>
        Doderic Brandybuck
      </span>
    </p>
  </li>
  <li>
    <p>
      <span>
        Daisy Gamgee
      </span>
    </p>
  </li>
  <li>
    <p>
      <span>
        Berilac Brandybuck
      </span>
    </p>
  </li>
  <li>
    <p>
      <span>
        Gorbadoc Brandybuck
      </span>
    </p>
  </li>
  <li>
    <p>
      <span>
        Marmadoc Brandybuck
      </span>
    </p>
  </li>
  <li>
    <p>
      <span>
        Ilberic Brandybuck
      </span>
    </p>
  </li>
  <li>
    <p>
      <span>
        Orgulas Brandybuck
      </span>
    </p>
  </li>
  <li>
    <p>
      <span>
        Rorimac Brandybuck
      </span>
    </p>
  </li>
  <li>
    <p>
      <span>
        Merimac Brandybuck
      </span>
    </p>
  </li>
  <li>
    <p>
      <span>
        Salvia (Brandybuck) Bolger
      </span>
    </p>
  </li>
  <li>
    <p>
      <span>
        Bilbo Gardner
      </span>
    </p>
  </li>
  <li>
    <p>
      <span>
        Briffo Boffin
      </span>
    </p>
  </li>
  <li>
    <p>
      <span>
        Gruffo Boffin
      </span>
    </p>
  </li>
  <li>
    <p>
      <span>
        Lavender (Grubb) Boffin
      </span>
    </p>
  </li>
  <li>
    <p>
      <span>
        Uffo Boffin
      </span>
    </p>
  </li>
  <li>
    <p>
      <span>
        Bodo Proudfoot
      </span>
    </p>
  </li>
  <li>
    <p>
      <span>
        Sancho Proudfoot
      </span>
    </p>
  </li>
  <li>
    <p>
      <span>
        Olo Proudfoot
      </span>
    </p>
  </li>
  <li>
    <p>
      <span>
        Saradoc Brandybuck
      </span>
    </p>
  </li>
  <li>
    <p>
      <span>
        Nimloth (elf)
      </span>
    </p>
  </li>
  <li>
    <p>
      <span>
        Linda (Baggins) Proudfoot
      </span>
    </p>
  </li>
  <li>
    <p>
      <span>
        Gríma Wormtongue
      </span>
    </p>
  </li>
  <li>
    <p>
      <span>
        Gollum
      </span>
    </p>
  </li>
  <li>
    <p>
      <span>
        Legolas (elf of Gondolin)
      </span>
    </p>
  </li>
  <li>
    <p>
      <span>
        Gandalf
      </span>
    </p>
  </li>
  <li>
    <p>
      <span>
        Radagast
      </span>
    </p>
  </li>
  <li>
    <p>
      <span>
        Tilion
      </span>
    </p>
  </li>
  <li>
    <p>
      <span>
        Elemmakil
      </span>
    </p>
  </li>
  <li>
    <p>
      <span>
        Saruman
      </span>
    </p>
  </li>
  <li>
    <p>
      <span>
        Sauron
      </span>
    </p>
  </li>
  <li>
    <p>
      <span>
        Eönwë
      </span>
    </p>
  </li>
  <li>
    <p>
      <span>
        Durin's Bane
      </span>
    </p>
  </li>
  <li>
    <p>
      <span>
        Alatar
      </span>
    </p>
  </li>
  <li>
    <p>
      <span>
        Arien
      </span>
    </p>
  </li>
  <li>
    <p>
      <span>
        Uinen
      </span>
    </p>
  </li>
  <li>
    <p>
      <span>
        Mosco Burrows
      </span>
    </p>
  </li>
  <li>
    <p>
      <span>
        Myrtle Burrows
      </span>
    </p>
  </li>
  <li>
    <p>
      <span>
        Pallando
      </span>
    </p>
  </li>
  <li>
    <p>
      <span>
        Moro Burrows
      </span>
    </p>
  </li>
  <li>
    <p>
      <span>
        Thingol
      </span>
    </p>
  </li>
  <li>
    <p>
      <span>
        Théodwyn
      </span>
    </p>
  </li>
  <li>
    <p>
      <span>
        Eärendil
      </span>
    </p>
  </li>
  <li>
    <p>
      <span>
        Harry Goatleaf
      </span>
    </p>
  </li>
  <li>
    <p>
      <span>
        Treebeard
      </span>
    </p>
  </li>
  <li>
    <p>
      <span>
        Witch-King of Angmar
      </span>
    </p>
  </li>
  <li>
    <p>
      <span>
        Mouth of Sauron
      </span>
    </p>
  </li>
  <li>
    <p>
      <span>
        Irolas
      </span>
    </p>
  </li>
  <li>
    <p>
      <span>
        Lagduf
      </span>
    </p>
  </li>
  <li>
    <p>
      <span>
        Fire-drake of Gondolin
      </span>
    </p>
  </li>
  <li>
    <p>
      <span>
        Angrim
      </span>
    </p>
  </li>
  <li>
    <p>
      <span>
        Angelimar
      </span>
    </p>
  </li>
  <li>
    <p>
      <span>
        Penlod
      </span>
    </p>
  </li>
  <li>
    <p>
      <span>
        Squint-eyed Southerner
      </span>
    </p>
  </li>
  <li>
    <p>
      <span>
        Fimbrethil
      </span>
    </p>
  </li>
  <li>
    <p>
      <span>
        Bill Ferny
      </span>
    </p>
  </li>
  <li>
    <p>
      <span>
        Fastred of Greenholm
      </span>
    </p>
  </li>
  <li>
    <p>
      <span>
        Falathar
      </span>
    </p>
  </li>
  <li>
    <p>
      <span>
        Elfstan Fairbairn
      </span>
    </p>
  </li>
  <li>
    <p>
      <span>
        Snaga (Two Towers orc)
      </span>
    </p>
  </li>
  <li>
    <p>
      <span>
        Snaga
      </span>
    </p>
  </li>
  <li>
    <p>
      <span>
        Smaug
      </span>
    </p>
  </li>
  <li>
    <p>
      <span>
        Seers
      </span>
    </p>
  </li>
  <li>
    <p>
      <span>
        Shelob
      </span>
    </p>
  </li>
  <li>
    <p>
      <span>
        Shagrat
      </span>
    </p>
  </li>
  <li>
    <p>
      <span>
        Scatha
      </span>
    </p>
  </li>
  <li>
    <p>
      <span>
        Salmar
      </span>
    </p>
  </li>
  <li>
    <p>
      <span>
        Sandyman
      </span>
    </p>
  </li>
  <li>
    <p>
      <span>
        Salgant
      </span>
    </p>
  </li>
  <li>
    <p>
      <span>
        Saeros
      </span>
    </p>
  </li>
  <li>
    <p>
      <span>
        Ruffian Leader
      </span>
    </p>
  </li>
  <li>
    <p>
      <span>
        Roäc
      </span>
    </p>
  </li>
  <li>
    <p>
      <span>
        Andwise Roper
      </span>
    </p>
  </li>
  <li>
    <p>
      <span>
        Rog
      </span>
    </p>
  </li>
  <li>
    <p>
      <span>
        River-woman
      </span>
    </p>
  </li>
  <li>
    <p>
      <span>
        Radbug
      </span>
    </p>
  </li>
  <li>
    <p>
      <span>
        Khîm
      </span>
    </p>
  </li>
  <li>
    <p>
      <span>
        Khamûl
      </span>
    </p>
  </li>
  <li>
    <p>
      <span>
        Irmo
      </span>
    </p>
  </li>
  <li>
    <p>
      <span>
        Eru Ilúvatar
      </span>
    </p>
  </li>
  <li>
    <p>
      <span>
        Ilmarë
      </span>
    </p>
  </li>
  <li>
    <p>
      <span>
        Hurin (Warden of the Keys)
      </span>
    </p>
  </li>
  <li>
    <p>
      <span>
        Huan
      </span>
    </p>
  </li>
  <li>
    <p>
      <span>
        Estë
      </span>
    </p>
  </li>
  <li>
    <p>
      <span>
        Éowyn
      </span>
    </p>
  </li>
  <li>
    <p>
      <span>
        Éomer
      </span>
    </p>
  </li>
  <li>
    <p>
      <span>
        Elwing
      </span>
    </p>
  </li>
  <li>
    <p>
      <span>
        Eluréd and Elurín
      </span>
    </p>
  </li>
  <li>
    <p>
      <span>
        Elros
      </span>
    </p>
  </li>
  <li>
    <p>
      <span>
        Elmo
      </span>
    </p>
  </li>
  <li>
    <p>
      <span>
        Egalmoth (elf)
      </span>
    </p>
  </li>
  <li>
    <p>
      <span>
        Ecthelion of the Fountain
      </span>
    </p>
  </li>
  <li>
    <p>
      <span>
        Ebor
      </span>
    </p>
  </li>
  <li>
    <p>
      <span>
        Ossë
      </span>
    </p>
  </li>
  <li>
    <p>
      <span>
        Oromë
      </span>
    </p>
  </li>
  <li>
    <p>
      <span>
        Orleg
      </span>
    </p>
  </li>
  <li>
    <p>
      <span>
        Orcobal
      </span>
    </p>
  </li>
  <li>
    <p>
      <span>
        Old Man Willow
      </span>
    </p>
  </li>
  <li>
    <p>
      <span>
        Hild
      </span>
    </p>
  </li>
  <li>
    <p>
      <span>
        Herumor (Fourth Age)
      </span>
    </p>
  </li>
  <li>
    <p>
      <span>
        Herumor
      </span>
    </p>
  </li>
  <li>
    <p>
      <span>
        Mat Heathertoes
      </span>
    </p>
  </li>
  <li>
    <p>
      <span>
        Haldar
      </span>
    </p>
  </li>
  <li>
    <p>
      <span>
        Haldad
      </span>
    </p>
  </li>
  <li>
    <p>
      <span>
        Draugluin
      </span>
    </p>
  </li>
  <li>
    <p>
      <span>
        Dior
      </span>
    </p>
  </li>
  <li>
    <p>
      <span>
        Dina Diggle
      </span>
    </p>
  </li>
  <li>
    <p>
      <span>
        Daeron
      </span>
    </p>
  </li>
  <li>
    <p>
      <span>
        Óin (King of Durin's Folk)
      </span>
    </p>
  </li>
  <li>
    <p>
      <span>
        Óin
      </span>
    </p>
  </li>
  <li>
    <p>
      <span>
        mar
      </span>
    </p>
  </li>
  <li>
    <p>
      <span>
        bal
      </span>
    </p>
  </li>
  <li>
    <p>
      <span>
        Írimë
      </span>
    </p>
  </li>
  <li>
    <p>
      <span>
        Írildë
      </span>
    </p>
  </li>
  <li>
    <p>
      <span>
        Éothain
      </span>
    </p>
  </li>
  <li>
    <p>
      <span>
        Éomund
      </span>
    </p>
  </li>
  <li>
    <p>
      <span>
        Éofor
      </span>
    </p>
  </li>
  <li>
    <p>
      <span>
        Zamîn
      </span>
    </p>
  </li>
  <li>
    <p>
      <span>
        Yavanna
      </span>
    </p>
  </li>
  <li>
    <p>
      <span>
        Tom Bombadil
      </span>
    </p>
  </li>
  <li>
    <p>
      <span>
        Bolg
      </span>
    </p>
  </li>
  <li>
    <p>
      <span>
        Boldog (Character)
      </span>
    </p>
  </li>
  <li>
    <p>
      <span>
        Bodruith
      </span>
    </p>
  </li>
  <li>
    <p>
      <span>
        Berúthiel
      </span>
    </p>
  </li>
  <li>
    <p>
      <span>
        Nienna
      </span>
    </p>
  </li>
  <li>
    <p>
      <span>
        Nielíqui
      </span>
    </p>
  </li>
  <li>
    <p>
      <span>
        Nessa
      </span>
    </p>
  </li>
  <li>
    <p>
      <span>
        Nellas
      </span>
    </p>
  </li>
  <li>
    <p>
      <span>
        Nauglath
      </span>
    </p>
  </li>
  <li>
    <p>
      <span>
        Narvi
      </span>
    </p>
  </li>
  <li>
    <p>
      <span>
        Nahar
      </span>
    </p>
  </li>
  <li>
    <p>
      <span>
        Mûmakil
      </span>
    </p>
  </li>
  <li>
    <p>
      <span>
        Muzgash
      </span>
    </p>
  </li>
  <li>
    <p>
      <span>
        The Moth
      </span>
    </p>
  </li>
  <li>
    <p>
      <span>
        Minastan
      </span>
    </p>
  </li>
  <li>
    <p>
      <span>
        Meneldor
      </span>
    </p>
  </li>
  <li>
    <p>
      <span>
        Men
      </span>
    </p>
  </li>
  <li>
    <p>
      <span>
        Melkor
      </span>
    </p>
  </li>
  <li>
    <p>
      <span>
        Melian
      </span>
    </p>
  </li>
  <li>
    <p>
      <span>
        Mauhúr
      </span>
    </p>
  </li>
  <li>
    <p>
      <span>
        Manwë
      </span>
    </p>
  </li>
  <li>
    <p>
      <span>
        Mandos
      </span>
    </p>
  </li>
  <li>
    <p>
      <span>
        Gwaihir
      </span>
    </p>
  </li>
  <li>
    <p>
      <span>
        Grishnákh
      </span>
    </p>
  </li>
  <li>
    <p>
      <span>
        Great Goblin
      </span>
    </p>
  </li>
  <li>
    <p>
      <span>
        Gothmog (Lieutenant of Morgul)
      </span>
    </p>
  </li>
  <li>
    <p>
      <span>
        Gothmog
      </span>
    </p>
  </li>
  <li>
    <p>
      <span>
        Gostir
      </span>
    </p>
  </li>
  <li>
    <p>
      <span>
        Gormadoc "Deepdelver" Brandybuck
      </span>
    </p>
  </li>
  <li>
    <p>
      <span>
        Gorgol
      </span>
    </p>
  </li>
  <li>
    <p>
      <span>
        Gorbag
      </span>
    </p>
  </li>
  <li>
    <p>
      <span>
        Golfimbul
      </span>
    </p>
  </li>
  <li>
    <p>
      <span>
        Glaurung
      </span>
    </p>
  </li>
  <li>
    <p>
      <span>
        Gimli (Elf)
      </span>
    </p>
  </li>
  <li>
    <p>
      <span>
        Gilmith
      </span>
    </p>
  </li>
  <li>
    <p>
      <span>
        Cottar
      </span>
    </p>
  </li>
  <li>
    <p>
      <span>
        Cora Goodbody
      </span>
    </p>
  </li>
  <li>
    <p>
      <span>
        Carcharoth
      </span>
    </p>
  </li>
  <li>
    <p>
      <span>
        Carc
      </span>
    </p>
  </li>
  <li>
    <p>
      <span>
        Calimmacil
      </span>
    </p>
  </li>
  <li>
    <p>
      <span>
        Barliman Butterbur
      </span>
    </p>
  </li>
  <li>
    <p>
      <span>
        Witch-king of Angmar
      </span>
    </p>
  </li>
  <li>
    <p>
      <span>
        Wife of Barach
      </span>
    </p>
  </li>
  <li>
    <p>
      <span>
        Widow Rumble
      </span>
    </p>
  </li>
  <li>
    <p>
      <span>
        Will Whitfoot
      </span>
    </p>
  </li>
  <li>
    <p>
      <span>
        Watcher in the Water
      </span>
    </p>
  </li>
  <li>
    <p>
      <span>
        Warg Matriarch
      </span>
    </p>
  </li>
  <li>
    <p>
      <span>
        Vëannë
      </span>
    </p>
  </li>
  <li>
    <p>
      <span>
        Varda
      </span>
    </p>
  </li>
  <li>
    <p>
      <span>
        Vairë
      </span>
    </p>
  </li>
  <li>
    <p>
      <span>
        Ungoliant
      </span>
    </p>
  </li>
  <li>
    <p>
      <span>
        Ulrad
      </span>
    </p>
  </li>
  <li>
    <p>
      <span>
        Ulmo
      </span>
    </p>
  </li>
  <li>
    <p>
      <span>
        Uglúk
      </span>
    </p>
  </li>
  <li>
    <p>
      <span>
        Ufthak
      </span>
    </p>
  </li>
  <li>
    <p>
      <span>
        Daddy Twofoot
      </span>
    </p>
  </li>
  <li>
    <p>
      <span>
        Tulkas
      </span>
    </p>
  </li>
  <li>
    <p>
      <span>
        Beleg
      </span>
    </p>
  </li>
  <li>
    <p>
      <span>
        Beechbone
      </span>
    </p>
  </li>
  <li>
    <p>
      <span>
        Barahir (Fourth Age)
      </span>
    </p>
  </li>
  <li>
    <p>
      <span>
        Baldor
      </span>
    </p>
  </li>
  <li>
    <p>
      <span>
        Balcmeg
      </span>
    </p>
  </li>
  <li>
    <p>
      <span>
        Man in the Moon
      </span>
    </p>
  </li>
  <li>
    <p>
      <span>
        Malva "Headstrong" Brandybuck
      </span>
    </p>
  </li>
  <li>
    <p>
      <span>
        Malantur
      </span>
    </p>
  </li>
  <li>
    <p>
      <span>
        Mallor (BOH)
      </span>
    </p>
  </li>
  <li>
    <p>
      <span>
        Mablung
      </span>
    </p>
  </li>
  <li>
    <p>
      <span>
        Lungorthin
      </span>
    </p>
  </li>
  <li>
    <p>
      <span>
        Lugdush
      </span>
    </p>
  </li>
  <li>
    <p>
      <span>
        Letter 211
      </span>
    </p>
  </li>
  <li>
    <p>
      <span>
        Landroval
      </span>
    </p>
  </li>
  <li>
    <p>
      <span>
        Gamil Zirak
      </span>
    </p>
  </li>
  <li>
    <p>
      <span>
        Galdor of the Tree
      </span>
    </p>
  </li>
  <li>
    <p>
      <span>
        Galathil
      </span>
    </p>
  </li>
  <li>
    <p>
      <span>
        Galador
      </span>
    </p>
  </li>
  <li>
    <p>
      <span>
        Fíriel Fairbairn
      </span>
    </p>
  </li>
  <li>
    <p>
      <span>
        Fuithluin
      </span>
    </p>
  </li>
  <li>
    <p>
      <span>
        Fuinur
      </span>
    </p>
  </li>
  <li>
    <p>
      <span>
        Fladrif
      </span>
    </p>
  </li>
  <li>
    <p>
      <span>
        Broncho Stonecrow
      </span>
    </p>
  </li>
  <li>
    <p>
      <span>
        Brodda
      </span>
    </p>
  </li>
  <li>
    <p>
      <span>
        Bregalad
      </span>
    </p>
  </li>
  <li>
    <p>
      <span>
        Tolman Gardner
      </span>
    </p>
  </li>
  <li>
    <p>
      <span>
        Tom, Bert, and William
      </span>
    </p>
  </li>
  <li>
    <p>
      <span>
        Tim
      </span>
    </p>
  </li>
  <li>
    <p>
      <span>
        Thuringwethil
      </span>
    </p>
  </li>
  <li>
    <p>
      <span>
        Thorondor
      </span>
    </p>
  </li>
  <li>
    <p>
      <span>
        Azog
      </span>
    </p>
  </li>
  <li>
    <p>
      <span>
        Aulë
      </span>
    </p>
  </li>
  <li>
    <p>
      <span>
        Asgon
      </span>
    </p>
  </li>
  <li>
    <p>
      <span>
        Artamir
      </span>
    </p>
  </li>
  <li>
    <p>
      <span>
        Ancalagon
      </span>
    </p>
  </li>
  <li>
    <p>
      <span>
        Andvír
      </span>
    </p>
  </li>
  <li>
    <p>
      <span>
        Amlach
      </span>
    </p>
  </li>
  <li>
    <p>
      <span>
        Aghan
      </span>
    </p>
  </li>
  <li>
    <p>
      <span>
        Agathor
      </span>
    </p>
  </li>
  <li>
    <p>
      <span>
        Aerandir
      </span>
    </p>
  </li>
  <li>
    <p>
      <span>
        Freda
      </span>
    </p>
  </li>
  <li>
    <p>
      <span>
        Sharku
      </span>
    </p>
  </li>
  <li>
    <p>
      <span>
        Madril
      </span>
    </p>
  </li>
  <li>
    <p>
      <span>
        Gothmog
      </span>
    </p>
  </li>
  <li>
    <p>
      <span>
        Morwen
      </span>
    </p>
  </li>
  <li>
    <p>
      <span>
        Figwit
      </span>
    </p>
  </li>
  <li>
    <p>
      <span>
        MINOR_CHARACTER
      </span>
    </p>
  </li>
  <li>
    <p>
      <span>
        MINOR_CHARACTER
      </span>
    </p>
  </li>
  <li>
    <p>
      <span>
        Éothain
      </span>
    </p>
  </li>
</ul>
`;
